process request
getTripListv2